// Jest Snapshot v1, https://goo.gl/fbAQLP

exports[`renders without crashing 1`] = `
<DocumentFragment>
  <div
    class="App"
  >
    <nav
      class="navbar navbar-expand-lg navbar-dark bg-primary"
    >
      <a
        class="navbar-brand text-white"
      >
        <strong>
          Flocka Time
        </strong>
      </a>
      <button
        aria-controls="navbarColor01"
        aria-expanded="false"
        aria-label="Toggle navigation"
        class="navbar-toggler "
        data-target="#navbarColor01"
        data-toggle="collapse"
        type="button"
      >
        <span
          class="navbar-toggler-icon"
        />
      </button>
      <div
        class="collapse navbar-collapse"
        id="navbarColor01"
      >
        <div
          aria-label="Toolbar with button groups"
          class="btn-toolbar ml-auto"
          role="toolbar"
        >
          <div
            aria-label="Toolbar with button groups"
            class="btn-toolbar"
            role="toolbar"
          >
            <button
              class="btn btn-primary d-none"
              data-state=""
              data-target="#sign-out-form"
              data-toggle="modal"
              type="button"
            >
              <strong>
                Sign Out
              </strong>
            </button>
          </div>
          <div
            aria-label="Toolbar with button groups"
            class="btn-toolbar"
            role="toolbar"
          >
            <button
              class="btn btn-primary"
              data-state=""
              data-target="#sign-in-form"
              data-toggle="modal"
              type="button"
            >
              <strong>
                Sign In
              </strong>
            </button>
          </div>
          <div
            aria-label="Toolbar with button groups"
            class="btn-toolbar"
            role="toolbar"
          >
            <button
              class="btn btn-primary d-none"
              data-state="hidden"
              data-target="#apiKey"
              data-toggle="modal"
              type="button"
            >
              <strong>
                API Key
              </strong>
            </button>
          </div>
        </div>
      </div>
      <div
        class="modal fade"
        id="sign-in-form"
      >
        <div
          class="modal-dialog modal-dialog-centered"
        />
      </div>
    </nav>
    <div
      class="main"
    >
      <div
        class="jumbotron"
      >
        <h1
          class="display-3 mx-5"
        >
          <strong>
            FLOCKA TIME
          </strong>
        </h1>
        <p
          class="lead text-white mx-5"
        >
          This is Flocka Time, an easy to use extension for Visual Studio Code that tracks you and your friends' coding time. Based off the Waka Time extension.
        </p>
      </div>
      <div
        class="container"
      >
        <div
          class="row"
        >
          <div
            class="col-1"
          />
          <div
            class="col-10"
          />
          <div
            class="col-1"
          />
        </div>
        <table
          class="table table-hover table-sm text-white leaderboard my-3"
        >
          <thead>
            <tr>
              <th>
                Rank
              </th>
              <th>
                Programmer
              </th>
              <th>
                Hours Coded
              </th>
              <th>
                Daily Average
              </th>
            </tr>
          </thead>
          <tbody />
        </table>
      </div>
    </div>
  </div>
</DocumentFragment>
`;
